
> aisama@0.1.0 build
> next build

▲ Next.js 16.1.6 (Turbopack)
- Environments: .env.local

  Creating an optimized production build ...
✓ Compiled successfully in 1312.4ms
  Running TypeScript ...
Failed to compile.

./src/app/tesut/polyglot-narration-os (1)/services/gemini.ts:2:35
Type error: Cannot find module '@google/genai' or its corresponding type declarations.

[0m [90m 1 |[39m
[31m[1m>[22m[39m[90m 2 |[39m [36mimport[39m { [33mGoogleGenAI[39m[33m,[39m [33mType[39m } [36mfrom[39m [32m"@google/genai"[39m[33m;[39m
 [90m   |[39m                                   [31m[1m^[22m[39m
 [90m 3 |[39m
 [90m 4 |[39m [90m/**[39m
 [90m 5 |[39m [90m * Analyzes a script and extracts structured learning points using Gemini.[39m[0m
Next.js build worker exited with code: 1 and signal: null
